<html>
<body>
<pre>
<h1>礦ision Build Log</h1>
<h2>Tool Versions:</h2>
IDE-Version: 礦ision V5.31.0.0
Copyright (C) 2020 ARM Ltd and ARM Germany GmbH. All rights reserved.
License Information: V Sainath, No Company, LIC=----
 
Tool Versions:
Toolchain:       MDK-Lite  Version: 5.31.0.0
Toolchain Path:  C:\Keil_v5\ARM\ARMCC\Bin
C Compiler:      Armcc.exe V5.06 update 6 (build 750)
Assembler:       Armasm.exe V5.06 update 6 (build 750)
Linker/Locator:  ArmLink.exe V5.06 update 6 (build 750)
Library Manager: ArmAr.exe V5.06 update 6 (build 750)
Hex Converter:   FromElf.exe V5.06 update 6 (build 750)
CPU DLL:         SARMCM3.DLL V5.31.0.0
Dialog DLL:      DCM.DLL V1.17.3.0
Target DLL:      Segger\JL2CM3.dll V2.99.38.0
Dialog DLL:      TCM.DLL V1.46.0.0
 
<h2>Project:</h2>
C:\Users\Sainath\Documents\GitHub\Test\Blinky.uvprojx
Project File Date:  10/31/2020

<h2>Output:</h2>
*** Using Compiler 'V5.06 update 6 (build 750)', folder: 'C:\Keil_v5\ARM\ARMCC\Bin'
Rebuild target 'STM32F103 Flash'
compiling Retarget.c...
assembling startup_stm32f10x_md.s...
compiling stm32f10x_spi.c...
compiling delay.c...
delay\delay.c(39): warning:  #1-D: last line of file ends without a newline
  }
delay\delay.c: 1 warning, 0 errors
compiling LED_NUCLEO_F103RB.c...
compiling Buttons_NUCLEO_F103RB.c...
compiling system_stm32f10x.c...
compiling spi.c...
compiling Blinky.c...
Blinky.c(159): warning:  #223-D: function "DelayInit" declared implicitly
  	DelayInit();
Blinky.c(166): warning:  #223-D: function "SD_Init" declared implicitly
  	SD_Init();
Blinky.c(167): warning:  #223-D: function "SD_GetCapacity" declared implicitly
  	SD_GetCapacity();
Blinky.c(169): warning:  #223-D: function "SD_GetCID" declared implicitly
  	a = SD_GetCID(&b);
Blinky.c(171): warning:  #223-D: function "SD_WriteSingleBlock" declared implicitly
  	a = SD_WriteSingleBlock( 0,buff1);
Blinky.c(173): warning:  #223-D: function "SD_ReadSingleBlock" declared implicitly
  	a = SD_ReadSingleBlock( 0,buff2);
Blinky.c(155): warning:  #177-D: variable "num"  was declared but never referenced
    int32_t num = 0;
Blinky.c(156): warning:  #177-D: variable "i"  was declared but never referenced
    int i = 0,j,test[20];
Blinky.c(156): warning:  #177-D: variable "j"  was declared but never referenced
    int i = 0,j,test[20];
Blinky.c(156): warning:  #177-D: variable "test"  was declared but never referenced
    int i = 0,j,test[20];
Blinky.c: 10 warnings, 0 errors
compiling Serial.c...
compiling stm32f10x_rcc.c...
compiling MMC_SD.C...
SD\MMC_SD.C(172): warning:  #223-D: function "CS_SELECT" declared implicitly
  	CS_SELECT(1);
SD\MMC_SD.C(209): warning:  #223-D: function "CS_SELECT" declared implicitly
      CS_SELECT(0);//片选端置低，选中SD卡	   
SD\MMC_SD.C(247): warning:  #223-D: function "printf" declared implicitly
  	printf("The SD init ret %d\r\n",i);
SD\MMC_SD.C(273): warning:  #223-D: function "CS_SELECT" declared implicitly
  	CS_SELECT(1);	
SD\MMC_SD.C(393): warning:  #223-D: function "delay_ms" declared implicitly
  	delay_ms(2000);
SD\MMC_SD.C(430): warning:  #223-D: function "CS_SELECT" declared implicitly
          CS_SELECT(1);
SD\MMC_SD.C(508): warning:  #223-D: function "CS_SELECT" declared implicitly
          CS_SELECT(1);
SD\MMC_SD.C(579): warning:  #223-D: function "CS_SELECT" declared implicitly
      CS_SELECT(0);				  	  
SD\MMC_SD.C(678): warning:  #223-D: function "printf" declared implicitly
  		printf("capacity: %lu",Capacity);
SD\MMC_SD.C(717): warning:  #223-D: function "CS_SELECT" declared implicitly
      CS_SELECT(0);	  		   
SD\MMC_SD.C(758): warning:  #223-D: function "CS_SELECT" declared implicitly
      CS_SELECT(0);
SD\MMC_SD.C(808): warning:  #223-D: function "CS_SELECT" declared implicitly
      CS_SELECT(0);
SD\MMC_SD.C(874): warning:  #223-D: function "CS_SELECT" declared implicitly
      CS_SELECT(1);
SD\MMC_SD.C(894): warning:  #223-D: function "CS_SELECT" declared implicitly
      CS_SELECT(0);//开始准备数据传输   
SD\MMC_SD.C(953): warning:  #223-D: function "CS_SELECT" declared implicitly
  	CS_SELECT(0);//选中SD卡
SD\MMC_SD.C: 15 warnings, 0 errors
linking...
Program Size: Code=7852 RO-data=324 RW-data=56 ZI-data=1024  
".\Flash\Blinky.axf" - 0 Error(s), 26 Warning(s).

<h2>Software Packages used:</h2>

Package Vendor: ARM
                http://www.keil.com/pack/ARM.CMSIS.5.7.0.pack
                ARM.CMSIS.5.7.0
                CMSIS (Cortex Microcontroller Software Interface Standard)
   * Component: CORE Version: 5.4.0

Package Vendor: Keil
                http://www.keil.com/pack/Keil.MDK-Middleware.7.11.1.pack
                Keil.MDK-Middleware.7.11.1
                Middleware for Keil MDK-Professional and MDK-Plus
   * Component: Buttons Version: 1.0.0
   * Component: LED Version: 1.0.0

Package Vendor: Keil
                http://www.keil.com/pack/Keil.STM32F1xx_DFP.2.3.0.pack
                Keil.STM32F1xx_DFP.2.3.0
                STMicroelectronics STM32F1 Series Device Support, Drivers and Examples
   * Component: Startup Version: 1.0.0

Package Vendor: Keil
                http://www.keil.com/pack/Keil.STM32NUCLEO_BSP.1.7.0.pack
                Keil.STM32NUCLEO_BSP.1.7.0
                STMicroelectronics Nucleo Boards Support and Examples
   * Component: Buttons Version: 1.0.0
   * Component: LED Version: 1.0.0

<h2>Collection of Component include folders:</h2>
  .\RTE\Device\STM32F103RB
  .\RTE\_STM32F103_Flash
  C:\Users\Sainath\AppData\Local\Arm\Packs\ARM\CMSIS\5.7.0\CMSIS\Core\Include
  C:\Users\Sainath\AppData\Local\Arm\Packs\Keil\MDK-Middleware\7.11.1\Board
  C:\Users\Sainath\AppData\Local\Arm\Packs\Keil\STM32F1xx_DFP\2.3.0\Device\Include

<h2>Collection of Component Files used:</h2>

   * Component: ::Board Support:Buttons:1.0.0 (API)
      Include file:  Board\Board_Buttons.h

   * Component: ::Board Support:LED:1.0.0 (API)
      Include file:  Board\Board_LED.h

   * Component: ARM::CMSIS:CORE:5.4.0

   * Component: Keil.NUCLEO-F103RB::Board Support:Buttons:1.0.0
      Source file:   Boards\ST\NUCLEO-F103RB\Common\Buttons_NUCLEO_F103RB.c

   * Component: Keil.NUCLEO-F103RB::Board Support:LED:1.0.0
      Source file:   Boards\ST\NUCLEO-F103RB\Common\LED_NUCLEO_F103RB.c

   * Component: Keil::Device:Startup:1.0.0
      Source file:   Device\Source\ARM\startup_stm32f10x_md.s
      Source file:   Device\Source\system_stm32f10x.c
      Include file:  RTE_Driver\Config\RTE_Device.h
      Source file:   Device\Source\ARM\STM32F1xx_OPT.s
Build Time Elapsed:  00:00:02
</pre>
</body>
</html>
